No files changed, compilation skipped

Ran 19 tests for test/fuzz/IntentLockV2PaymentsFuzz.t.sol:IntentLockV2PaymentsFuzzTest
[PASS] testApprovalAllowsBoundedValueAndBlocksWrongSpenderOrExcess() (gas: 539711)
[PASS] testAuthenticationAndMalformedPolicyFailuresDoNotStrikeOrConsumeNonce() (gas: 102613)
[PASS] testBatchBindsOrderAndAggregateOutcome() (gas: 320807)
[PASS] testFuzz_PayrollWindow(uint48,uint64) (runs: 256, μ: 222075, ~: 228922)
[PASS] testFuzz_TreasuryAmountBoundary(uint96,uint96,uint64) (runs: 256, μ: 202311, ~: 227183)
[PASS] testNativeTransferEnforcesSpendAndFinalBalance() (gas: 333916)
[PASS] testOrdinaryTargetFailureConsumesNonceWithoutStrike() (gas: 121778)
[PASS] testPayrollValidAndBlocksDuplicateEarlyLateExcessAndWrongEmployee() (gas: 1436867)
[PASS] testRemovingAgentPreservesStrikeHistoryAndOnlySelfIsEnforced() (gas: 246902)
[PASS] testReplayExpiryQuarantineAndOwnerControls() (gas: 253535)
[PASS] testSubscriptionBlocksExcessWrongMerchantExpiryAndNonOwnerCancellation() (gas: 656095)
[PASS] testSubscriptionRecurringPeriodsCountAndOwnerCancellation() (gas: 962361)
[PASS] testSwapBlocksOverspendInsufficientOutputWrongRecipientAndUnlimitedApproval() (gas: 1308482)
[PASS] testSwapUsesMeasuredDeltasAndAllowanceCap() (gas: 239105)
[PASS] testTransferBlocksExcessWrongRecipientDifferentTokenAndHiddenBatch() (gas: 859684)
[PASS] testTransferPolicyAllowsBoundedTransfer() (gas: 146126)
[PASS] testTreasuryBlocksExcessWrongRecipientDuplicateReferenceBudgetAndHiddenCall() (gas: 1232459)
[PASS] testTreasuryPaymentValidAndRecordsReferenceAndBudget() (gas: 199643)
[PASS] testUnsupportedEvidenceModeAndMisboundPolicyAreStructuralFailures() (gas: 104936)
Suite result: ok. 19 passed; 0 failed; 0 skipped; finished in 295.74ms (650.10ms CPU time)

Ran 16 tests for test/fuzz/IntentLockV2Fuzz.t.sol:IntentLockV2FuzzTest
[PASS] testApprovalAllowsBoundedValueAndBlocksWrongSpenderOrExcess() (gas: 539737)
[PASS] testAuthenticationAndMalformedPolicyFailuresDoNotStrikeOrConsumeNonce() (gas: 102595)
[PASS] testBatchBindsOrderAndAggregateOutcome() (gas: 320807)
[PASS] testFuzz_AllowanceArrayBound(uint8) (runs: 256, μ: 84059, ~: 79710)
[PASS] testFuzz_AssetArrayBound(uint8) (runs: 256, μ: 86590, ~: 81702)
[PASS] testFuzz_NativeSpendBoundary(uint96,uint96,uint64) (runs: 256, μ: 173907, ~: 214701)
[PASS] testFuzz_TransferAmountBoundary(uint96,uint96,uint64) (runs: 256, μ: 189579, ~: 226768)
[PASS] testNativeTransferEnforcesSpendAndFinalBalance() (gas: 333850)
[PASS] testOrdinaryTargetFailureConsumesNonceWithoutStrike() (gas: 121826)
[PASS] testRemovingAgentPreservesStrikeHistoryAndOnlySelfIsEnforced() (gas: 246954)
[PASS] testReplayExpiryQuarantineAndOwnerControls() (gas: 253517)
[PASS] testSwapBlocksOverspendInsufficientOutputWrongRecipientAndUnlimitedApproval() (gas: 1308631)
[PASS] testSwapUsesMeasuredDeltasAndAllowanceCap() (gas: 239168)
[PASS] testTransferBlocksExcessWrongRecipientDifferentTokenAndHiddenBatch() (gas: 859666)
[PASS] testTransferPolicyAllowsBoundedTransfer() (gas: 146174)
[PASS] testUnsupportedEvidenceModeAndMisboundPolicyAreStructuralFailures() (gas: 104984)
Suite result: ok. 16 passed; 0 failed; 0 skipped; finished in 296.03ms (1.15s CPU time)

Ran 23 tests for test/fuzz/IntentLockV2DeFiFuzz.t.sol:IntentLockV2DeFiFuzzTest
[PASS] testApprovalAllowsBoundedValueAndBlocksWrongSpenderOrExcess() (gas: 539755)
[PASS] testAuthenticationAndMalformedPolicyFailuresDoNotStrikeOrConsumeNonce() (gas: 102701)
[PASS] testBatchBindsOrderAndAggregateOutcome() (gas: 320807)
[PASS] testDepositBlocksExcessWrongBeneficiaryTooFewSharesAndResidualAllowance() (gas: 1066634)
[PASS] testDepositRejectsHiddenAssetCallEvenWhenAggregateSpendFits() (gas: 275258)
[PASS] testDepositValid() (gas: 236610)
[PASS] testFuzz_DepositAmountBoundary(uint96,uint96,uint64) (runs: 256, μ: 242284, ~: 238085)
[PASS] testFuzz_MinimumShares(uint96,uint96,uint64) (runs: 256, μ: 306974, ~: 374710)
[PASS] testMaliciousVaultExcessivePullRollsBack() (gas: 286064)
[PASS] testNativeTransferEnforcesSpendAndFinalBalance() (gas: 333982)
[PASS] testOrdinaryTargetFailureConsumesNonceWithoutStrike() (gas: 121778)
[PASS] testRemovingAgentPreservesStrikeHistoryAndOnlySelfIsEnforced() (gas: 246928)
[PASS] testReplayExpiryQuarantineAndOwnerControls() (gas: 253601)
[PASS] testSwapBlocksOverspendInsufficientOutputWrongRecipientAndUnlimitedApproval() (gas: 1308760)
[PASS] testSwapUsesMeasuredDeltasAndAllowanceCap() (gas: 239216)
[PASS] testTransferBlocksExcessWrongRecipientDifferentTokenAndHiddenBatch() (gas: 859749)
[PASS] testTransferPolicyAllowsBoundedTransfer() (gas: 146116)
[PASS] testUnsupportedEvidenceModeAndMisboundPolicyAreStructuralFailures() (gas: 104936)
[PASS] testWithdrawalBlocksExcessBurnInsufficientAssetsWrongRecipientAndUnexpectedLoss() (gas: 1134709)
[PASS] testWithdrawalValid() (gas: 236025)
[PASS] testYieldBlocksMovementLimitValueLossAndUnapprovedVault() (gas: 1798059)
[PASS] testYieldRebalanceBetweenApprovedVaults() (gas: 367259)
[PASS] testYieldRejectsArbitraryApprovedVaultCallAndDuplicateVaultPolicy() (gas: 465521)
Suite result: ok. 23 passed; 0 failed; 0 skipped; finished in 296.08ms (641.46ms CPU time)

Ran 21 tests for test/fuzz/IntentLockFuzz.t.sol:IntentLockFuzzTest
[PASS] testCallsHashMismatchAndBatchPermissionRejected() (gas: 83393)
[PASS] testExcessiveAllowanceRollsBack() (gas: 308196)
[PASS] testFutureAndExpiredIntentsRejected() (gas: 71452)
[PASS] testFuzz_BatchLengthRejectedAboveLimit(uint8) (runs: 256, μ: 169171, ~: 141934)
[PASS] testFuzz_InputLimit(uint96,uint96,uint64) (runs: 256, μ: 282360, ~: 189087)
[PASS] testFuzz_MinimumOutput(uint96,uint96,uint64) (runs: 256, μ: 243178, ~: 325540)
[PASS] testInsufficientOutputAndWrongRecipientRollBack() (gas: 720534)
[PASS] testLargeTargetRevertIsContainedWithBoundedEvidence() (gas: 496330)
[PASS] testNonOwnerCannotRegisterAgent() (gas: 13915)
[PASS] testNonceReplayRejected() (gas: 154300)
[PASS] testOnlySelfAndReentrancyFailSafely() (gas: 389104)
[PASS] testOverspendRollsBackAndPersistsEvidence() (gas: 396892)
[PASS] testOwnerCanRegisterAgent() (gas: 43256)
[PASS] testPausedAccountRejectsExecution() (gas: 67782)
[PASS] testRegisteredAgentCanExecuteValidSingleIntent() (gas: 144099)
[PASS] testThresholdQuarantinesAndOwnerRecoversAgent() (gas: 758616)
[PASS] testUnregisteredAgentRejectedWithoutStrike() (gas: 54217)
[PASS] testValidBatchSwapSucceeds() (gas: 188621)
[PASS] testWrongAccountRejected() (gas: 48031)
[PASS] testWrongChainRejected() (gas: 45618)
[PASS] testWrongSignatureRejectedWithoutStrike() (gas: 65940)
Suite result: ok. 21 passed; 0 failed; 0 skipped; finished in 296.11ms (797.47ms CPU time)

Ran 4 test suites in 297.46ms (1.18s CPU time): 79 tests passed, 0 failed, 0 skipped (79 total tests)
2026-09-28T13:20:30.224546Z  WARN evm::traces: failed to flush signature cache err=failed to create file "/home/rootx/.foundry/cache/signatures": Read-only file system (os error 30)
