
> cresnex-intentlock-web@0.1.0 test:sdk
> node --experimental-strip-types --test lib/intentV2.test.ts lib/v2SignedPackageState.test.ts

TAP version 13
# Subtest: lib/intentV2.test.ts
ok 1 - lib/intentV2.test.ts
  ---
  duration_ms: 675.513701
  type: 'test'
  ...
# Subtest: lib/v2SignedPackageState.test.ts
ok 2 - lib/v2SignedPackageState.test.ts
  ---
  duration_ms: 671.097188
  type: 'test'
  ...
1..2
# tests 2
# suites 0
# pass 2
# fail 0
# cancelled 0
# skipped 0
# todo 0
# duration_ms 713.954456
